{
  "agentnate_image.png": {
    "status": 200,
    "bytes": 773564,
    "final_url": "https://www.kaggleusercontent.com:443/kf/355978730/eyJhbGciOiJkaXIiLCJlbmMiOiJBMTI4Q0JDLUhTMjU2In0..l24YH_G-spvvbeOQ_MLrxQ.wNbJqgpzjnwt2xmWSdS8WLBtZHGd4OiGhnIXJVIGFIHjuFjbmBoy3c4U5gwuveV3CDJZyoSbPit59aqsEI8udXs1VggKqDSnhOYScOdYW344XOTuDnhmLWUJbTyoS2MyHhXC8FhLToazDQirjIrMGXvHh46pmGAsD6v31c5s01yyWU5v6t5MhjL6ARwis_O4rwzx5VFFHEZm4dLwNIU7Grk5_67WcUClBMIo5DrBCyKlmdDRdGbcp3WTuKkoWsY0TnDq1FAn_zpCrc5dWDO31Apb-vg4MONHZLfcr5C8UNw-LLHX_QxB1W_hf2wF-e3DK8Zn64KIJtJTRfC3ebm6EBvgDdYskwB2P9VAnqgKvEJm-tQUNaSiUTGpzxAoimkICSAKRNDR39GMt0HoWs0mO4PnwxNAHPaFyRXw9farwpCFUi07RayPh-OEpImekiz7Ol87ikU4FE_Vxp5h_xLYBw2Rko8uWvlty5OTzNXCzEkzGK5wRuletxbyl0BCLSPB6QBtxxf4P5eOUr5kJxTkyICH78DGzHHmvfFjD-9aQOcTnJvbwwHTjEvA39Qql41hzravyYJkphfFBOrYUguCD9Pwjrfu-WER7F0VsiXz661ZhiPhxDr-6noPctl3_rwZ.n9jaZavgmA9tXScGTjsbUw/agentnate_image.png",
    "content_type": "image/png"
  },
  "agentnate_video.webp": {
    "status": 200,
    "bytes": 382070,
    "final_url": "https://www.kaggleusercontent.com:443/kf/355978730/eyJhbGciOiJkaXIiLCJlbmMiOiJBMTI4Q0JDLUhTMjU2In0..-onP5ydEnICT7vU9W5DO4g.9i9zVJ3GWWwjUNYwDYLx-9Kfimorl5BP5o35R02CVI1T8t2FgGTINpS2u2e70bP3eaGjsOfCZo3XIR4NRoycTvl0IEWRJN7rcjDZJ7risjs0YCREOEIVixc0M03o-3et-czTKKsNegb26j44AxYBNpqKTx0D4VL_u_Xj-tf8Y2h26eXlQ9kGWLaz5QPNZNuC13HQv4zp9P3ApymkSChYhpdNJIgEfSAkZ8zprbtrK_liDuNj5-56nXUgEdhBbZP1vsSPvJKCbIF7-2NLj0jzviAQTa1cAqoUkkQiCEgWi-1vdTK9BjaCPwjmDu6un6yea7ZiqQ_XXdTctbjpN5KM5fX08lftOtSy2F7OxUJSdDWZQTBNQRddLqFJh7ankeeWRFmHSeQUlrSgJo0pIKVRsyniWW6Jk2iPUm7_k5er4pYoJB6HHc4zcCIJDw8XdHKgfhNsybZQU3FBc8--uepixnBFXOZwhKmycO92fEbutqttDT99s6LHD_8mWnSmXPBQYCBioAyo30C_QWTaFtspk1J68VD6ahQIuGknMfKuvOpuaRy7UBifYKybxd3BJzWKv8VIcyBu0cBuD9WqjTlGb5PTMr7rZ8wAW-9-JKBlkYkEJPKPluOwESKx_eIEn9do.Ab2QbcozAu4pGERCFPCayw/ComfyUI/output/AgentNate_svd_00001_.webp",
    "content_type": "image/webp"
  },
  "agentnate_smoke_report.json": {
    "status": 200,
    "bytes": 13853,
    "final_url": "https://www.kaggleusercontent.com:443/kf/355978730/eyJhbGciOiJkaXIiLCJlbmMiOiJBMTI4Q0JDLUhTMjU2In0..qE3ngyePJLQHp9ARC0DhCg.oYbZQbJbjOMG1mxwOpklm70IJigPo3RzFwdrusUno2HN7EAmPza-ggDd4dYeumn1i7vVgZ798ZBS57c0cvkwOp7iECQxzzEg5e_un0hs-_kEBwhaBzBiszVVKKAqn3t1HkJCEyXHlEdilzdfZCYAqHQBVWkxCzzaLZZUKR4I5F_-F3DveeyViBhZxenVEJCNUWrkaVqWspxE5VDfBbGO4jvFLhgJ0kW2OdEjjZhFmeYmw4vePZIXWlUHkq4jrxSAmz62PGnw9PQiRhhkvz7k70roj1X9FrhudlMhopCFPa0pBmoDJX13Ja4iXh5ZhKU4AMzkxKo6s6VTkHS2lTJ2S5KyrULREtgUWkSFNOnJtKZc2YKUlZATPsuMA3Z7ilK10DF4HpM8Db48jWAh33zwWBeVWxzf4Yb6vm-GlaZD-cpRDTn3jt6Yu39UXq4dNMQ391HHK94mxKUL_XVTmrov0DyESQEnTiSExnm8_RcHnB9n1WPbT1m9NzVpNulUP_9ZmrIHCneom9qmBDE5KMWn3jyXrXSJ68TQ89ZbJg2082U6hmItnKKrM0vl49McOEvMhnAeG60dpv0XJZFngJeD2BSA_Ega3QBzrDtYSFPk3HzvzLSNJ94w_8q4Q_vvBXbt.YaA5kj5zacEPj5rgMjEv-A/agentnate_smoke_report.json",
    "content_type": "text/plain; charset=utf-8"
  }
}
